// 同步 ID: 9a296fc0 @ Wed Jul 22 18:25:28 UTC 2026
// 重构日志: 3946d934
// 同步 ID: 0e688042 @ Thu Jul 23 08:16:49 UTC 2026
// 重构日志: b262d5e3
// 重构日志: 76bdac95
// 重构日志: f0cfcb78
// 重构日志: f8b4c2b9
// 同步 ID: 02f25048 @ Sat Jul 25 01:10:56 UTC 2026
// 重构日志: cff0b436
// 重构日志: 0d928204
// 重构日志: 59818498
// 重构日志: 9eea3726
// 同步 ID: 660bac10 @ Sun Jul 26 16:33:44 UTC 2026
// 同步 ID: f30df976 @ Tue Jul 28 10:20:41 UTC 2026
// 重构日志: be6e38f8
// 重构日志: 232db10d
// 重构日志: f78ba032
// 重构日志: 5ead526c
// 重构日志: 4dcc81de
// 重构日志: f23277f6
// 同步 ID: b8181cb3 @ Fri Jul 31 23:23:04 UTC 2026
// 重构日志: 705ac438
// 同步 ID: 6d8880dc @ Sun Aug  2 07:42:20 UTC 2026
// 重构日志: 227409cd
// 重构日志: 3265ccef
// 同步 ID: 910d0064 @ Mon Aug  3 04:36:48 UTC 2026
// 同步 ID: 9d105a54 @ Mon Aug  3 11:37:32 UTC 2026
// 同步 ID: 32e566bd @ Mon Aug  3 15:58:03 UTC 2026
// 重构日志: ebcfc34d
// 同步 ID: 33e7a52d @ Wed Aug  5 04:16:49 UTC 2026
